C51 COMPILER V8.08   POMODORO51                                                            05/11/2016 13:00:52 PAGE 1   


C51 COMPILER V8.08, COMPILATION OF MODULE POMODORO51
OBJECT MODULE PLACED IN ..\bin\pomodoro51.obj
COMPILER INVOKED BY: C:\Keil\C51\BIN\C51.EXE pomodoro51.c BROWSE DEBUG OBJECTEXTEND OBJECT(..\bin\pomodoro51.obj)

line level    source

   1          #include <reg52.h>
   2          #include <intrins.h>
   3          #define uchar unsigned char
   4          #define uint  unsigned int
   5          sbit we = P2^7;
   6          sbit du = P2^6;
   7          sbit beep = P2^3;
   8          sbit LED1 = P1^0;
   9          uchar counter;
  10          uint time_counter = 1500;
  11          uint rest_counter = 300;
  12          uint status = 0; // 0 for  work, 1 for rest
  13          uint current_counter = 0;
  14          uint beep_times = 2;
  15          uint pause = 0; // 1 for pause, 0 for work
  16          
  17          
  18          unsigned char code wei[]=
  19          {0xfe,0xfd,0xfb,0xf7,0xef,0xdf,0xbf,0x7f}; //数码管各位的码表
  20          
  21          uchar code leddata[]={ 
  22           
  23                          0x3F,  //"0"
  24                          0x06,  //"1"
  25                          0x5B,  //"2"
  26                          0x4F,  //"3"
  27                          0x66,  //"4"
  28                          0x6D,  //"5"
  29                          0x7D,  //"6"
  30                          0x07,  //"7"
  31                          0x7F,  //"8"
  32                          0x6F,  //"9"
  33                          0x77,  //"A"
  34                          0x7C,  //"B"
  35                          0x39,  //"C"
  36                          0x5E,  //"D"
  37                          0x79,  //"E"
  38                          0x71,  //"F"
  39                          0x76,  //"H"
  40                          0x38,  //"L"
  41                          0x37,  //"n"
  42                          0x3E,  //"u"
  43                          0x73,  //"P"
  44                          0x5C,  //"o"
  45                          0x40,  //"-"
  46                          0x00,  //熄灭
  47                          0x00  //自定义
  48           
  49                                   };
  50          
  51          void delay(uint z)
  52          {
  53   1              uint x,y;
  54   1              for(x = z; x > 0; x--)
  55   1                      for(y = 114; y > 0 ; y--);
C51 COMPILER V8.08   POMODORO51                                                            05/11/2016 13:00:52 PAGE 2   

  56   1      }
  57          
  58          void Beeeeeep(uint times)
  59          {
  60   1        uint total = 0;
  61   1        while( total < times )
  62   1        {
  63   2                      total ++;
  64   2                      beep = ~beep;
  65   2                      delay(200);
  66   2                      beep = ~beep;
  67   2                      delay(800);
  68   2        }
  69   1      }
  70          
  71          void display(uint i)
  72          {
  73   1              uint qian, bai, shi, ge;
  74   1              qian = i / 1000;
  75   1      
  76   1              bai = i % 1000;
  77   1              bai = bai / 100;
  78   1      
  79   1              shi = i % 100; 
  80   1              shi = shi / 10;
  81   1      
  82   1              ge  = i % 10; //求余
  83   1      
  84   1              P0 = 0xff;
  85   1              we = 1;
  86   1              P0 = wei[0]; //点亮第一位数码管
  87   1              we = 0;
  88   1      
  89   1              du = 1;
  90   1              P0 = leddata[qian];
  91   1              du = 0;
  92   1              delay(1);
  93   1      
  94   1              P0 = 0xff;
  95   1              we = 1;
  96   1              P0 = wei[1];//点亮第二位数码管
  97   1              we = 0;
  98   1      
  99   1              du = 1;
 100   1              P0 = leddata[bai];
 101   1              du = 0;
 102   1              delay(1);       
 103   1      
 104   1              P0 = 0xff;
 105   1              we = 1;
 106   1              P0 = wei[2];//点亮第3w
 107   1              we = 0;
 108   1      
 109   1              du = 1;
 110   1              P0 = leddata[shi];
 111   1              du = 0;
 112   1              delay(1);
 113   1      
 114   1      
 115   1          P0 = 0xff;
 116   1              we = 1;
 117   1              P0 = wei[3];//点亮第二位数码管
C51 COMPILER V8.08   POMODORO51                                                            05/11/2016 13:00:52 PAGE 3   

 118   1              we = 0;
 119   1      
 120   1              du = 1;
 121   1              P0 = leddata[ge];
 122   1              du = 0;
 123   1              delay(1);
 124   1      }
 125          
 126          void displayLow(uint i)
 127          {
 128   1              uint qian, bai, shi, ge;
 129   1              qian = i / 1000;
 130   1      
 131   1              bai = i % 1000;
 132   1              bai = bai / 100;
 133   1      
 134   1              shi = i % 100; 
 135   1              shi = shi / 10;
 136   1      
 137   1              ge  = i % 10; //求余
 138   1      
 139   1              P0 = 0xff;
 140   1              we = 1;
 141   1              P0 = wei[4]; //点亮第一位数码管
 142   1              we = 0;
 143   1      
 144   1              du = 1;
 145   1              P0 = leddata[qian];
 146   1              du = 0;
 147   1              delay(1);
 148   1      
 149   1              P0 = 0xff;
 150   1              we = 1;
 151   1              P0 = wei[5];//点亮第二位数码管
 152   1              we = 0;
 153   1      
 154   1              du = 1;
 155   1              P0 = leddata[bai];
 156   1              du = 0;
 157   1              delay(1);       
 158   1      
 159   1              P0 = 0xff;
 160   1              we = 1;
 161   1              P0 = wei[6];//点亮第3w
 162   1              we = 0;
 163   1      
 164   1              du = 1;
 165   1              P0 = leddata[shi];
 166   1              du = 0;
 167   1              delay(1);
 168   1      
 169   1      
 170   1          P0 = 0xff;
 171   1              we = 1;
 172   1              P0 = wei[7];//点亮第二位数码管
 173   1              we = 0;
 174   1      
 175   1              du = 1;
 176   1              P0 = leddata[ge];
 177   1              du = 0;
 178   1              delay(1);
 179   1      }
C51 COMPILER V8.08   POMODORO51                                                            05/11/2016 13:00:52 PAGE 4   

 180          
 181          
 182          uchar KeyScan() //带返回值的子函数
 183          {
 184   1              uchar cord_l,cord_h;//声明列线和行线的值的储存变量
 185   1              P3 = 0x0f;//0000 1111
 186   1              if( (P3 & 0x0f) != 0x0f)//判断是否有按键按下
 187   1              {
 188   2                      delay(5);//软件消抖
 189   2                      if( (P3 & 0x0f) != 0x0f)//判断是否有按键按下
 190   2                      {
 191   3                                cord_h = P3 & 0x0f;// 储存行线值
 192   3                                P3 = cord_l | 0xf0;
 193   3                                cord_l = P3 & 0xf0;// 储存列线值
 194   3                                while( (P3 & 0xf0) != 0xf0 );//松手检测
 195   3                                return (cord_l + cord_h);//返回键值码
 196   3                      }       
 197   2              }
 198   1                      
 199   1      }
 200          
 201          // Test keys
 202          void KeyPro()
 203          {
 204   1              switch( KeyScan() )
 205   1              {
 206   2                      //第一行键值码
 207   2                      case 0xee: P0 = leddata[0];             break;
 208   2                      case 0xde: P0 = leddata[1];             break;
 209   2                      case 0xbe: P0 = leddata[2];             break;
 210   2                      case 0x7e: P0 = leddata[3];             break;
 211   2                      
 212   2                      //第二行键值码
 213   2                      case 0xed: P0 = leddata[4];             break;
 214   2                      case 0xdd: P0 = leddata[5];             break;
 215   2                      case 0xbd: P0 = leddata[6];             break;
 216   2                      case 0x7d: P0 = leddata[7];             break;
 217   2      
 218   2                      //第三行键值码
 219   2                      case 0xeb: P0 = leddata[8];             break;
 220   2                      case 0xdb: P0 = leddata[9];             break;
 221   2                      case 0xbb: P0 = leddata[10];    break;
 222   2                      case 0x7b: P0 = leddata[11];    break;
 223   2      
 224   2                      //第四行键值码
 225   2                      case 0xe7: P0 = leddata[12];    break;
 226   2                      case 0xd7: P0 = leddata[13];    break;
 227   2                      case 0xb7: P0 = leddata[14];    break;
 228   2                      case 0x77: P0 = leddata[15];    break;
 229   2                      //独立键盘
 230   2                      case 0xfe: P0 = leddata[16];    break;
 231   2                      case 0xfd: P0 = leddata[17];    break;
 232   2                      case 0xfb: P0 = leddata[18];    break;
 233   2                      case 0xf7: P0 = leddata[19];    break;
 234   2              }       
 235   1      }
 236          
 237          
 238          
 239          void main()
 240          {
 241   1              TMOD = 0x01;//定时器0 工作模式1 16模式定时器
C51 COMPILER V8.08   POMODORO51                                                            05/11/2016 13:00:52 PAGE 5   

 242   1              TH0 = (65536 - 46082)/256;
 243   1              TL0 = (65536 - 46082)%256; //定时50ms
 244   1              TR0 = 1;
 245   1              current_counter = time_counter;
 246   1      
 247   1              while(1)
 248   1              {
 249   2                      uchar key = KeyScan();
 250   2                      if(key == 0xfe)
 251   2                      {
 252   3                              Beeeeeep(1);
 253   3                              if(pause == 0)
 254   3                              {
 255   4                                      pause = 1;
 256   4                              }
 257   3                              else if(pause == 1)
 258   3                              {
 259   4                                      pause = 0;
 260   4                              }
 261   3                      }
 262   2      
 263   2      
 264   2                      if(TF0 == 1 && pause == 0)
 265   2                      {
 266   3                              TF0 = 0;
 267   3                              TH0 = 0x4b;
 268   3                              TL0 = 0xfe; //定时50ms
 269   3                              counter++;
 270   3                      }
 271   2                      if(counter == 20 && pause == 0)
 272   2                      {
 273   3                              counter = 0;
 274   3                              //LED1 = ~LED1;
 275   3                              current_counter--;
 276   3                      }
 277   2      
 278   2                      if(current_counter == 0)
 279   2                      {
 280   3                              Beeeeeep(beep_times);
 281   3                              if(status == 1){
 282   4                              status = 0;}
 283   3                              else if(status == 0){
 284   4                              status = 1;}
 285   3                              if(status == 0){
 286   4                              current_counter = time_counter;}
 287   3                              else if(status ==  1){
 288   4                              current_counter = rest_counter;}
 289   3                      }
 290   2                      if(status == 0){
 291   3                      display(current_counter);}
 292   2                      else if(status == 1){
 293   3                      displayLow(current_counter);}
 294   2              }
 295   1      }


MODULE INFORMATION:   STATIC OVERLAYABLE
   CODE SIZE        =    881    ----
   CONSTANT SIZE    =     33    ----
   XDATA SIZE       =   ----    ----
   PDATA SIZE       =   ----    ----
   DATA SIZE        =     13      13
C51 COMPILER V8.08   POMODORO51                                                            05/11/2016 13:00:52 PAGE 6   

   IDATA SIZE       =   ----    ----
   BIT SIZE         =   ----    ----
END OF MODULE INFORMATION.


C51 COMPILATION COMPLETE.  0 WARNING(S),  0 ERROR(S)
